Scope: TOP
(H1): clock
(H2): reset
(H3): io_out [7:0]
Scope: VerilatorBasicTests_Anon
(H1): clock
(H2): reset
(H3): io_out [7:0]
(H4): counter [7:0]
UpScope
UpScope
H4@0 = 00000000
H3@0 = 00000000
H2@0 = 1
H1@0 = 0
H1@1 = 1
H1@2 = 0
H2@2 = 0
H1@3 = 1
H3@3 = 00000001
H4@3 = 00000001
H1@4 = 0
H1@5 = 1
H4@5 = 00000010
H3@5 = 00000010
H1@6 = 0
H1@7 = 1
H3@7 = 00000011
H4@7 = 00000011